// Jest Snapshot v1, https://goo.gl/fbAQLP

exports[`should render ExpenseDashboardPage correctly 1`] = `
<div>
  <h1>
    <Connect(ExpensesSummary) />
    <Connect(ExpenseListFilters) />
    <Connect(ExpenseList) />
  </h1>
</div>
`;
