// Jest Snapshot v1, https://goo.gl/fbAQLP

exports[`should render NotFoundPage correctly 1`] = `
<div>
  <h2>
    !404! -Page Not Found- 
    <Link
      replace={false}
      to="/"
    >
      Return to Home Page
    </Link>
  </h2>
</div>
`;
